INFO:root:This is my first code
WARNING:root:This is trying to fix this 
ERROR:root:This is a error massage from system! 
INFO:root:3
INFO:root:4
INFO:root:5
INFO:root:6
INFO:root:7
INFO:root:Hii this is me
